../Src/enc.c:22:6:enc_set_autoinc	24	static
../Src/enc.c:41:6:enc_select_reg_bank	32	static
../Src/enc.c:85:6:enc_control_write	24	static
../Src/enc.c:104:6:enc_buffer_init	16	static
../Src/enc.c:136:6:enc_buffer_write	40	static
../Src/enc.c:183:10:enc_buffer_read	40	static
../Src/enc.c:233:9:enc_mac_read	32	static
../Src/enc.c:263:6:enc_busy_wait	24	static
../Src/enc.c:278:10:enc_phy_read	32	static
../Src/enc.c:302:6:enc_phy_write	16	static
../Src/enc.c:318:9:enc_eth_read	32	static
../Src/enc.c:345:6:enc_reset	8	static
../Src/enc.c:362:6:enc_init	64	static
../Src/enc.c:433:6:enc_bit_set	24	static
../Src/enc.c:449:6:enc_bit_clear	24	static
