../Src/webserver.c:108:10:packetReceive	32	static
../Src/webserver.c:194:6:makeArpReply	8	static
../Src/webserver.c:252:6:calculateIPChecksum	32	static
../Src/webserver.c:278:6:calculateTcpChecksum	32	static
../Src/webserver.c:322:6:makeTcpFinPshAck	1064	static
../Src/webserver.c:415:6:makeTcpAck3	40	static
../Src/webserver.c:485:6:makeTcpAck2	48	static
../Src/webserver.c:557:6:makeTcpSynAck	40	static
../Src/webserver.c:619:6:makeHttpResponse	80	static
../Src/webserver.c:733:6:makeTcpAck	8	static
../Src/webserver.c:743:6:trial_arp_request	56	static
../Src/webserver.c:765:6:refreshArp	16	static
../Src/webserver.c:782:6:packetLoop	24	static
../Src/webserver.c:852:10:getSystemTick	8	static
